[2026-09-24T07:09:34.159086+00:00] windows_ocr: 25 new predictions
[2026-09-24T07:09:37.702081+00:00] windows_ocr: 50 new predictions
[2026-09-24T07:09:44.932386+00:00] windows_ocr: 75 new predictions
[2026-09-24T07:09:49.116082+00:00] windows_ocr: 100 new predictions
[2026-09-24T07:09:54.818225+00:00] windows_ocr: 125 new predictions
[2026-09-24T07:10:03.281874+00:00] windows_ocr: 150 new predictions
[2026-09-24T07:10:06.300042+00:00] windows_ocr: 175 new predictions
[2026-09-24T07:10:08.763628+00:00] windows_ocr: 200 new predictions
[2026-09-24T07:10:13.399068+00:00] windows_ocr: 225 new predictions
[2026-09-24T07:10:16.439709+00:00] windows_ocr: 250 new predictions
[2026-09-24T07:10:19.338696+00:00] windows_ocr: 275 new predictions
[2026-09-24T07:10:21.196768+00:00] tesseract5: 25 new predictions
[2026-09-24T07:10:24.083236+00:00] windows_ocr: 300 new predictions
[2026-09-24T07:10:27.066578+00:00] windows_ocr: finished (312 new)
[2026-09-24T07:11:36.970456+00:00] tesseract5: 50 new predictions
[2026-09-24T07:13:03.797168+00:00] tesseract5: 75 new predictions
[2026-09-24T07:14:04.137274+00:00] tesseract5: 100 new predictions
[2026-09-24T07:15:26.808478+00:00] tesseract5: 125 new predictions
[2026-09-24T07:17:06.070943+00:00] tesseract5: 150 new predictions
[2026-09-24T07:17:48.462807+00:00] tesseract5: 175 new predictions
[2026-09-24T07:18:00.641270+00:00] paddle_v5_mobile: 25 new predictions
[2026-09-24T07:18:22.593364+00:00] tesseract5: 200 new predictions
[2026-09-24T07:19:04.284559+00:00] tesseract5: 225 new predictions
[2026-09-24T07:19:33.429028+00:00] tesseract5: 250 new predictions
[2026-09-24T07:20:06.675743+00:00] tesseract5: 275 new predictions
[2026-09-24T07:20:48.127811+00:00] tesseract5: 300 new predictions
[2026-09-24T07:21:11.847686+00:00] tesseract5: finished (312 new)
