
==== start 2026-09-24T07:09:30.792159+00:00 ====
/usr/local/lib/python3.12/site-packages/paddle/utils/cpp_extension/extension_utils.py:712: UserWarning: No ccache found. Please be aware that recompiling all source files may be required. You can download and install ccache from: https://github.com/ccache/ccache/blob/master/doc/INSTALL.md
  warnings.warn(warning_message)
[32mCreating model: ('PP-OCRv5_mobile_det', None, None)[0m
[32mModel files already exist. Using cached files. To redownload, please delete the directory manually: `/root/.paddlex/official_models/PP-OCRv5_mobile_det`.[0m
[32mCreating model: ('PP-OCRv5_mobile_rec', None, None)[0m
[32mModel files already exist. Using cached files. To redownload, please delete the directory manually: `/root/.paddlex/official_models/PP-OCRv5_mobile_rec`.[0m


--------------------------------------
C++ Traceback (most recent call last):
--------------------------------------
0   paddle::AnalysisPredictor::ZeroCopyRun(bool)
1   paddle::framework::NaiveExecutor::RunInterpreterCore(std::vector<std::string, std::allocator<std::string > > const&, bool, bool)
2   paddle::framework::InterpreterCore::Run(std::vector<std::string, std::allocator<std::string > > const&, bool, bool, bool, bool)
3   paddle::framework::PirInterpreter::Run(std::vector<std::string, std::allocator<std::string > > const&, bool, bool, bool, bool)
4   paddle::framework::PirInterpreter::TraceRunImpl()
5   paddle::framework::PirInterpreter::TraceRunInstructionList(std::vector<std::unique_ptr<paddle::framework::InstructionBase, std::default_delete<paddle::framework::InstructionBase> >, std::allocator<std::unique_ptr<paddle::framework::InstructionBase, std::default_delete<paddle::framework::InstructionBase> > > > const&)
6   paddle::framework::PirInterpreter::RunInstructionBase(paddle::framework::InstructionBase*)
7   paddle::framework::PhiKernelInstruction::Run()
8   phi::KernelImpl<void (*)(phi::CPUContext const&, phi::DenseTensor const&, phi::DenseTensor const&, std::vector<int, std::allocator<int> > const&, std::vector<int, std::allocator<int> > const&, std::string const&, int, std::vector<int, std::allocator<int> > const&, std::string const&, phi::DenseTensor*), &(void phi::DepthwiseConvKernel<float, phi::CPUContext>(phi::CPUContext const&, phi::DenseTensor const&, phi::DenseTensor const&, std::vector<int, std::allocator<int> > const&, std::vector<int, std::allocator<int> > const&, std::string const&, int, std::vector<int, std::allocator<int> > const&, std::string const&, phi::DenseTensor*))>::Compute(phi::KernelContext*)
9   void phi::ConvKernelImpl<float, phi::CPUContext>(phi::CPUContext const&, phi::DenseTensor const&, phi::DenseTensor const&, std::vector<int, std::allocator<int> > const&, std::vector<int, std::allocator<int> > const&, std::string const&, int, std::vector<int, std::allocator<int> > const&, std::string const&, phi::DenseTensor*)
10  cblas_sgemm
11  SGEMM
12  mkl_blas_sgemm
13  mkl_blas_sgemv
14  mkl_blas_sgemv_omp
15  __kmpc_fork_call

----------------------
Error Message Summary:
----------------------
FatalError: `Termination signal` is detected by the operating system.
  [TimeInfo: *** Aborted at 1790234872 (unix time) try "date -d @1790234872" if you are using GNU date ***]
  [SignalInfo: *** SIGTERM (@0x0) received by PID 1 (TID 0x75e7989e4b80) from PID 0 ***]


==== start 2026-09-24T07:27:52.721381+00:00 ====
/usr/local/lib/python3.12/site-packages/paddle/utils/cpp_extension/extension_utils.py:712: UserWarning: No ccache found. Please be aware that recompiling all source files may be required. You can download and install ccache from: https://github.com/ccache/ccache/blob/master/doc/INSTALL.md
  warnings.warn(warning_message)
[32mCreating model: ('PP-OCRv5_mobile_det', None, None)[0m
[32mModel files already exist. Using cached files. To redownload, please delete the directory manually: `/root/.paddlex/official_models/PP-OCRv5_mobile_det`.[0m
[32mCreating model: ('PP-OCRv5_mobile_rec', None, None)[0m
[32mModel files already exist. Using cached files. To redownload, please delete the directory manually: `/root/.paddlex/official_models/PP-OCRv5_mobile_rec`.[0m

==== start 2026-09-24T07:51:09.972449+00:00 ====
/usr/local/lib/python3.12/site-packages/paddle/utils/cpp_extension/extension_utils.py:712: UserWarning: No ccache found. Please be aware that recompiling all source files may be required. You can download and install ccache from: https://github.com/ccache/ccache/blob/master/doc/INSTALL.md
  warnings.warn(warning_message)
[32mCreating model: ('PP-OCRv5_mobile_det', None, None)[0m
[32mModel files already exist. Using cached files. To redownload, please delete the directory manually: `/root/.paddlex/official_models/PP-OCRv5_mobile_det`.[0m
[32mCreating model: ('PP-OCRv5_mobile_rec', None, None)[0m
[32mModel files already exist. Using cached files. To redownload, please delete the directory manually: `/root/.paddlex/official_models/PP-OCRv5_mobile_rec`.[0m

==== start 2026-09-24T09:55:24.335410+00:00 ====
/usr/local/lib/python3.12/site-packages/paddle/utils/cpp_extension/extension_utils.py:712: UserWarning: No ccache found. Please be aware that recompiling all source files may be required. You can download and install ccache from: https://github.com/ccache/ccache/blob/master/doc/INSTALL.md
  warnings.warn(warning_message)
[32mCreating model: ('PP-OCRv5_mobile_det', None, None)[0m
[32mModel files already exist. Using cached files. To redownload, please delete the directory manually: `/root/.paddlex/official_models/PP-OCRv5_mobile_det`.[0m
[32mCreating model: ('PP-OCRv5_mobile_rec', None, None)[0m
[32mModel files already exist. Using cached files. To redownload, please delete the directory manually: `/root/.paddlex/official_models/PP-OCRv5_mobile_rec`.[0m

==== start 2026-09-24T10:03:42.899217+00:00 ====
/usr/local/lib/python3.12/site-packages/paddle/utils/cpp_extension/extension_utils.py:712: UserWarning: No ccache found. Please be aware that recompiling all source files may be required. You can download and install ccache from: https://github.com/ccache/ccache/blob/master/doc/INSTALL.md
  warnings.warn(warning_message)
[32mCreating model: ('PP-OCRv5_mobile_det', None, None)[0m
[32mModel files already exist. Using cached files. To redownload, please delete the directory manually: `/root/.paddlex/official_models/PP-OCRv5_mobile_det`.[0m
[32mCreating model: ('PP-OCRv5_mobile_rec', None, None)[0m
[32mModel files already exist. Using cached files. To redownload, please delete the directory manually: `/root/.paddlex/official_models/PP-OCRv5_mobile_rec`.[0m
