m01-settings_dpr1_light: 390x844 lines=27 fallback=0 det=True hidden_layout=True unowned_ink=0 no_ink=0 tokens_ok=True untagged=0 clipped=[]
m01-settings_dpr1_dark: 390x844 lines=27 fallback=0 det=True hidden_layout=True unowned_ink=0 no_ink=0 tokens_ok=True untagged=0 clipped=[]
m01-settings_dpr2_light: 780x1688 lines=27 fallback=0 det=True hidden_layout=True unowned_ink=0 no_ink=0 tokens_ok=True untagged=0 clipped=[]
m01-settings_dpr2_dark: 780x1688 lines=27 fallback=0 det=True hidden_layout=True unowned_ink=0 no_ink=0 tokens_ok=True untagged=0 clipped=[]
m01-settings_dpr3_light: 1170x2532 lines=27 fallback=0 det=True hidden_layout=True unowned_ink=0 no_ink=0 tokens_ok=True untagged=0 clipped=[]
m01-settings_dpr3_dark: 1170x2532 lines=27 fallback=0 det=True hidden_layout=True unowned_ink=0 no_ink=0 tokens_ok=True untagged=0 clipped=[]
m05-chat_dpr1_light: 390x844 lines=26 fallback=0 det=True hidden_layout=True unowned_ink=0 no_ink=0 tokens_ok=True untagged=0 clipped=[17]
m05-chat_dpr1_dark: 390x844 lines=26 fallback=0 det=True hidden_layout=True unowned_ink=0 no_ink=0 tokens_ok=True untagged=0 clipped=[17]
m05-chat_dpr2_light: 780x1688 lines=26 fallback=0 det=True hidden_layout=True unowned_ink=0 no_ink=0 tokens_ok=True untagged=0 clipped=[17]
m05-chat_dpr2_dark: 780x1688 lines=26 fallback=0 det=True hidden_layout=True unowned_ink=0 no_ink=0 tokens_ok=True untagged=0 clipped=[17]
m05-chat_dpr3_light: 1170x2532 lines=26 fallback=0 det=True hidden_layout=True unowned_ink=0 no_ink=0 tokens_ok=True untagged=0 clipped=[17]
m05-chat_dpr3_dark: 1170x2532 lines=26 fallback=0 det=True hidden_layout=True unowned_ink=0 no_ink=0 tokens_ok=True untagged=0 clipped=[17]
d01-dashboard_dpr1_light: 1280x800 lines=63 fallback=0 det=True hidden_layout=True unowned_ink=0 no_ink=0 tokens_ok=True untagged=0 clipped=[]
d01-dashboard_dpr1_dark: 1280x800 lines=63 fallback=0 det=True hidden_layout=True unowned_ink=0 no_ink=0 tokens_ok=True untagged=0 clipped=[]
d01-dashboard_dpr1p5_light: 1920x1200 lines=63 fallback=0 det=True hidden_layout=True unowned_ink=0 no_ink=0 tokens_ok=True untagged=0 clipped=[]
d01-dashboard_dpr1p5_dark: 1920x1200 lines=63 fallback=0 det=True hidden_layout=True unowned_ink=0 no_ink=0 tokens_ok=True untagged=0 clipped=[]
d01-dashboard_dpr2_light: 2560x1600 lines=63 fallback=0 det=True hidden_layout=True unowned_ink=0 no_ink=0 tokens_ok=True untagged=0 clipped=[]
d01-dashboard_dpr2_dark: 2560x1600 lines=63 fallback=0 det=True hidden_layout=True unowned_ink=0 no_ink=0 tokens_ok=True untagged=0 clipped=[]
d06-code-editor_dpr1_light: 1280x800 lines=63 fallback=0 det=True hidden_layout=True unowned_ink=0 no_ink=0 tokens_ok=True untagged=0 clipped=[]
d06-code-editor_dpr1_dark: 1280x800 lines=63 fallback=0 det=True hidden_layout=True unowned_ink=0 no_ink=0 tokens_ok=True untagged=0 clipped=[]
d06-code-editor_dpr1p5_light: 1920x1200 lines=63 fallback=0 det=True hidden_layout=True unowned_ink=0 no_ink=0 tokens_ok=True untagged=0 clipped=[]
d06-code-editor_dpr1p5_dark: 1920x1200 lines=63 fallback=0 det=True hidden_layout=True unowned_ink=0 no_ink=0 tokens_ok=True untagged=0 clipped=[]
d06-code-editor_dpr2_light: 2560x1600 lines=63 fallback=0 det=True hidden_layout=True unowned_ink=0 no_ink=0 tokens_ok=True untagged=0 clipped=[]
d06-code-editor_dpr2_dark: 2560x1600 lines=63 fallback=0 det=True hidden_layout=True unowned_ink=0 no_ink=0 tokens_ok=True untagged=0 clipped=[]
